{"phase":"start","mode":"ingest","connectionId":"01KZ54B1PCKM1MHSNHY4XT6DEX","accountId":"168990","streams":90}
{"phase":"ingest","resource":"Shop","status":"error","pages":1,"leaderRecords":1,"projected":{"ls_shops":1,"ls_cc_gateways":0,"ls_receipt_setups":1},"staged":{"ls_shops":0,"ls_cc_gateways":0,"ls_receipt_setups":0},"quarantined":0,"ms":2898,"error":"new row for relation \"batch_manifests\" violates check constraint \"batch_manifests_object_keys_check\""}
{
  "phase": "done",
  "mode": "ingest",
  "groupResults": {
    "ok": 0,
    "empty": 0,
    "unavailable": 0,
    "error": 1
  },
  "nonemptyTables": 47,
  "emptyTables": 43,
  "empty": [
    "ls_account",
    "ls_account_purchasing_currencies",
    "ls_cc_charges",
    "ls_currency_rates",
    "ls_custom_fields",
    "ls_report_discounts_by_day",
    "ls_employee_roles",
    "ls_employee_hours",
    "ls_industries",
    "ls_inventory_count_calcs",
    "ls_inventory_count_items",
    "ls_inventory_count_reconciles",
    "ls_item_prices",
    "ls_item_fees",
    "ls_locales",
    "ls_currency_denominations",
    "ls_report_orders_by_tax_class",
    "ls_order_shipment_items",
    "ls_report_payments_by_day",
    "ls_price_levels",
    "ls_processing_fees",
    "ls_sale_payment_signatures",
    "ls_sale_voids",
    "ls_seasons",
    "ls_session",
    "ls_order_shipments",
    "ls_ship_tos",
    "ls_cc_gateways",
    "ls_special_orders",
    "ls_report_tax_class_sales_by_day",
    "ls_report_taxes_by_day",
    "ls_transfers",
    "ls_transfer_items",
    "ls_transfer_from",
    "ls_transfer_to",
    "ls_vendor_returns",
    "ls_workorders",
    "ls_workorder_lines",
    "ls_workorder_items",
    "ls_workorder_statuses",
    "ls_custom_field_choices",
    "ls_workorder_images",
    "ls_register_calculated"
  ]
}
